[ListStart, Bool(True), Bool(False), Null, Number(1), Number(2), ListEnd]
